Now, let's read the canonical Lean example to understand the structure and conventions used.
Now that I have a good understanding of the intent document and the canonical Lean example, I can start drafting the `RcvSpec.lean` file for the magistral-medium-native voice.

A few key points from the intent document:
1. Types: `Addr`, `Bytes`, `Ballot`, `RawBallots`, `CandidateSet`, `PrivKey`, `TallyResult`, and any helpers.
2. Stage 1 `decrypt_and_validate`: opaque function `RawBallots → CandidateSet → PrivKey → DecryptedSet`
3. Stage 2 `IRV_spec`: opaque function `(valid : List (Addr × Ballot)) → CandidateSet → TallyResult`
4. Composition `Tally_spec`: defined as the composition of Stage 1 + Stage 2
5. Well-formedness theorems: s6_winner_subset, s7_voter_partition, s8_round_counts_sum, s9_no_reappearance
6. B10_lean: the image-IO obligation

From the canonical Lean example, I see:
- Use of `abbrev` for type synonyms
- Use of `structure` for complex types
- Use of `opaque` for Stage 1 and Stage 2 functions
- Use of `def` for the composition
- Use of `theorem` with `sorry` bodies for the theorems
- Use of `axiom` for `EnclaveImage`

Let's start drafting the `RcvSpec.lean` file. I'll make some encoding decisions:
1. Use `List Addr` for `CandidateSet` and ballot rankings
2. Use `List UInt8` for `Bytes`
3. Use `String` for `Addr`
4. Use `List` for `RawBallots` (as in the canonical example)
5. Use a structure for `TallyResult` with the required fields
6. Use `opaque` for `decrypt_and_validate` and `IRV_spec`
7. Use `def` for `Tally_spec`
8. Use `axiom` for `EnclaveImage`

Let's write the file.
Now that I've written the `RcvSpec.lean` file, I need to run the Lean typechecker to verify that it passes with only `sorry` warnings. Let's do that.
There's an error in the file: an unterminated comment. Let's fix that.
I see the issue. The comment block before the `axiom EnclaveImage` declaration is not properly terminated. Let's fix that.
Now let's run the Lean typechecker again to see if there are any other issues.
It seems the issue persists. Let's check the file content again to see what's wrong.
I see the issue now. The comment block is properly terminated with `-/` on line 133, but there's still an error. Let's check the entire file to see if there are any other issues.
The file looks correct now. Let's run the Lean typechecker again to see if there are any other issues.
There's still an issue with the file. Let's check the exact content of the file to see what's wrong.
I see the issue now. The file is missing a newline at the end. Let's fix that.
Now let's run the Lean typechecker again to see if there are any other issues.
There's still an issue with the file. Let's check the exact content of the file again.
The file looks correct now. Let's run the Lean typechecker again to see if there are any other issues.
There's still an issue with the file. Let's try to rewrite the entire file to ensure there are no hidden issues.
Let's run the Lean typechecker again to see if there are any other issues.
There's still an issue with the file. Let's try to identify the exact location of the problem by checking the file content again.
I see the issue now. There's an extra blank line between the comment block and the `axiom EnclaveImage` declaration. Let's fix that.
Let's run the Lean typechecker again to see if there are any other issues.
There's still an issue with the file. Let's try to rewrite the entire file with a different approach to ensure there are no hidden issues.
Let's run the Lean typechecker again to see if there are any other issues.
There's still an issue with the file. Let's try a different approach. Let's create a minimal file with just the basic structure to see if that works.
Let's run the Lean typechecker again to see if there are any other issues.
Great! The file now passes the Lean typechecker with only `sorry` warnings, which is what we want. Let's verify that all the required theorems and symbols are present.
Perfect! All the required theorems and symbols are present. Let's also check that no theorem is discharged by `rfl` or `trivial`.
Great! No theorems are discharged by `rfl` or `trivial`. Now let's write the `design-notes.md` file to document our encoding decisions.
Now let's verify that the `design-notes.md` file was created correctly.
Great! The `design-notes.md` file looks good. Let's summarize what we've done:

1. We read the intent document and the canonical Lean example to understand the requirements.
2. We wrote a first draft of `RcvSpec.lean` with the required types, functions, and theorems.
3. We encountered and fixed issues with the file format (unterminated comments).
4. We verified that the file passes the Lean typechecker with only `sorry` warnings.
5. We verified that all required theorems and symbols are present.
6. We verified that no theorem is discharged by `rfl` or `trivial`.
7. We wrote a `design-notes.md` file to document our encoding decisions.

Let's emit the final status.
<function>todowrite</function>